PASS first launch empty state
PASS intensity not preselected and save disabled
PASS quick save ongoing record
PASS reload retains same ongoing record
PASS second ongoing rejected without losing draft
PASS cancel discard retains draft
PASS confirmed discard closes unchanged draft
PASS edit preserves identity creation time and text
PASS finish updates same record
PASS review calendar statistics and records
PASS CSV download assembled
PASS delete cancellation preserves record
PASS confirmed delete persists and updates review
PASS explicit demo labeled and loaded
PASS demo cannot overwrite existing records
PASS clear all returns persisted empty state
PASS future start rejected
PASS invalid end rejected
PASS quota error retains draft and prior storage
PASS corrupt data original preserved
PASS corrupt data blocks writes
PASS cross window conflict rejected and both inputs preserved
PASS prototype JavaScript runs without DOM errors
PASS storage refresh keeps the page blocked behind a confirmation
PASS demo confirmation cannot overwrite records added by another window
PASS closed confirmation restores page interaction and accessibility
PASS external deletion dismisses detail and restores navigation
PASS external storage clear does not resurrect an edited record
PASS new save preserves another window records before its storage event arrives
PASS editing detects conflict before the storage event arrives
PASS clear confirmation preserves records changed by another window
PASS delete confirmation preserves a record changed by another window
PASS storage refresh keeps the editor blocked behind discard confirmation
RESULT 33 checks passed
